// Jest Snapshot v1, https://goo.gl/fbAQLP

exports[`App renders App component 1`] = `
<DocumentFragment>
  <div
    class="App"
  >
    <header>
      <h1
        class="title"
      >
        todos
      </h1>
    </header>
    <form
      class="form"
    >
      <div
        class="MuiFormControl-root MuiFormControl-fullWidth MuiTextField-root css-b9ayx-MuiFormControl-root-MuiTextField-root"
      >
        <div
          class="MuiOutlinedInput-root MuiInputBase-root MuiInputBase-colorPrimary MuiInputBase-fullWidth MuiInputBase-formControl css-md26zr-MuiInputBase-root-MuiOutlinedInput-root"
        >
          <input
            aria-invalid="false"
            class="MuiOutlinedInput-input MuiInputBase-input css-1t8l2tu-MuiInputBase-input-MuiOutlinedInput-input"
            id="outlined-textarea"
            placeholder="Add todo"
            type="text"
            value=""
          />
          <fieldset
            aria-hidden="true"
            class="MuiOutlinedInput-notchedOutline css-1d3z3hw-MuiOutlinedInput-notchedOutline"
          >
            <legend
              class="css-hdw1oc"
            >
              <span
                class="notranslate"
              >
                â€‹
              </span>
            </legend>
          </fieldset>
        </div>
      </div>
    </form>
    <ul
      class="MuiList-root list css-1mk9mw3-MuiList-root"
    >
      <li
        class="MuiListItem-root MuiListItem-gutters MuiListItem-padding MuiListItem-divider css-1g8g675-MuiListItem-root"
      >
        <div
          class="MuiToggleButtonGroup-root css-1gjgmky-MuiToggleButtonGroup-root"
          role="group"
        >
          <button
            aria-pressed="true"
            class="MuiButtonBase-root MuiToggleButton-root Mui-selected MuiToggleButton-sizeMedium MuiToggleButton-standard MuiToggleButtonGroup-grouped MuiToggleButtonGroup-groupedHorizontal css-1yx66g7-MuiButtonBase-root-MuiToggleButton-root"
            tabindex="0"
            type="button"
            value="all"
          >
            all
            <span
              class="MuiTouchRipple-root css-8je8zh-MuiTouchRipple-root"
            />
          </button>
          <button
            aria-pressed="false"
            class="MuiButtonBase-root MuiToggleButton-root MuiToggleButton-sizeMedium MuiToggleButton-standard MuiToggleButtonGroup-grouped MuiToggleButtonGroup-groupedHorizontal css-1yx66g7-MuiButtonBase-root-MuiToggleButton-root"
            tabindex="0"
            type="button"
            value="active"
          >
            active
            <span
              class="MuiTouchRipple-root css-8je8zh-MuiTouchRipple-root"
            />
          </button>
          <button
            aria-pressed="false"
            class="MuiButtonBase-root MuiToggleButton-root MuiToggleButton-sizeMedium MuiToggleButton-standard MuiToggleButtonGroup-grouped MuiToggleButtonGroup-groupedHorizontal css-1yx66g7-MuiButtonBase-root-MuiToggleButton-root"
            tabindex="0"
            type="button"
            value="completed"
          >
            completed
            <span
              class="MuiTouchRipple-root css-8je8zh-MuiTouchRipple-root"
            />
          </button>
        </div>
      </li>
    </ul>
  </div>
</DocumentFragment>
`;
